Archive member included to satisfy reference by file (symbol)

/Applications/Ac6/SystemWorkbench.app/Contents/Eclipse/plugins/fr.ac6.mcu.externaltools.arm-none.macos64_1.15.0.201708311556/tools/compiler/bin/../lib/gcc/arm-none-eabi/6.3.1/../../../../arm-none-eabi/lib/thumb/v7e-m/fpv4-sp/hard/libc_nano.a(lib_a-exit.o)
                              /Applications/Ac6/SystemWorkbench.app/Contents/Eclipse/plugins/fr.ac6.mcu.externaltools.arm-none.macos64_1.15.0.201708311556/tools/compiler/bin/../lib/gcc/arm-none-eabi/6.3.1/../../../../arm-none-eabi/lib/thumb/v7e-m/fpv4-sp/hard/crt0.o (exit)
/Applications/Ac6/SystemWorkbench.app/Contents/Eclipse/plugins/fr.ac6.mcu.externaltools.arm-none.macos64_1.15.0.201708311556/tools/compiler/bin/../lib/gcc/arm-none-eabi/6.3.1/../../../../arm-none-eabi/lib/thumb/v7e-m/fpv4-sp/hard/libc_nano.a(lib_a-impure.o)
                              /Applications/Ac6/SystemWorkbench.app/Contents/Eclipse/plugins/fr.ac6.mcu.externaltools.arm-none.macos64_1.15.0.201708311556/tools/compiler/bin/../lib/gcc/arm-none-eabi/6.3.1/../../../../arm-none-eabi/lib/thumb/v7e-m/fpv4-sp/hard/libc_nano.a(lib_a-exit.o) (_global_impure_ptr)
/Applications/Ac6/SystemWorkbench.app/Contents/Eclipse/plugins/fr.ac6.mcu.externaltools.arm-none.macos64_1.15.0.201708311556/tools/compiler/bin/../lib/gcc/arm-none-eabi/6.3.1/../../../../arm-none-eabi/lib/thumb/v7e-m/fpv4-sp/hard/libc_nano.a(lib_a-init.o)
                              /Applications/Ac6/SystemWorkbench.app/Contents/Eclipse/plugins/fr.ac6.mcu.externaltools.arm-none.macos64_1.15.0.201708311556/tools/compiler/bin/../lib/gcc/arm-none-eabi/6.3.1/../../../../arm-none-eabi/lib/thumb/v7e-m/fpv4-sp/hard/crt0.o (__libc_init_array)
/Applications/Ac6/SystemWorkbench.app/Contents/Eclipse/plugins/fr.ac6.mcu.externaltools.arm-none.macos64_1.15.0.201708311556/tools/compiler/bin/../lib/gcc/arm-none-eabi/6.3.1/../../../../arm-none-eabi/lib/thumb/v7e-m/fpv4-sp/hard/libc_nano.a(lib_a-memset.o)
                              /Applications/Ac6/SystemWorkbench.app/Contents/Eclipse/plugins/fr.ac6.mcu.externaltools.arm-none.macos64_1.15.0.201708311556/tools/compiler/bin/../lib/gcc/arm-none-eabi/6.3.1/../../../../arm-none-eabi/lib/thumb/v7e-m/fpv4-sp/hard/crt0.o (memset)
/Applications/Ac6/SystemWorkbench.app/Contents/Eclipse/plugins/fr.ac6.mcu.externaltools.arm-none.macos64_1.15.0.201708311556/tools/compiler/bin/../lib/gcc/arm-none-eabi/6.3.1/../../../../arm-none-eabi/lib/thumb/v7e-m/fpv4-sp/hard/libnosys.a(_exit.o)
                              /Applications/Ac6/SystemWorkbench.app/Contents/Eclipse/plugins/fr.ac6.mcu.externaltools.arm-none.macos64_1.15.0.201708311556/tools/compiler/bin/../lib/gcc/arm-none-eabi/6.3.1/../../../../arm-none-eabi/lib/thumb/v7e-m/fpv4-sp/hard/libc_nano.a(lib_a-exit.o) (_exit)

Allocating common symbols
Common symbol       size              file

hi2c1               0x4c              Src/i2c.o
uwTick              0x4               Drivers/STM32F3xx_HAL_Driver/Src/stm32f3xx_hal.o
pFlash              0x20              Drivers/STM32F3xx_HAL_Driver/Src/stm32f3xx_hal_flash.o
hspi1               0x64              Src/spi.o
hpcd_USB_FS         0x3a8             Src/usb.o

Discarded input sections

 .text          0x0000000000000000        0x0 /Applications/Ac6/SystemWorkbench.app/Contents/Eclipse/plugins/fr.ac6.mcu.externaltools.arm-none.macos64_1.15.0.201708311556/tools/compiler/bin/../lib/gcc/arm-none-eabi/6.3.1/thumb/v7e-m/fpv4-sp/hard/crti.o
 .data          0x0000000000000000        0x0 /Applications/Ac6/SystemWorkbench.app/Contents/Eclipse/plugins/fr.ac6.mcu.externaltools.arm-none.macos64_1.15.0.201708311556/tools/compiler/bin/../lib/gcc/arm-none-eabi/6.3.1/thumb/v7e-m/fpv4-sp/hard/crti.o
 .bss           0x0000000000000000        0x0 /Applications/Ac6/SystemWorkbench.app/Contents/Eclipse/plugins/fr.ac6.mcu.externaltools.arm-none.macos64_1.15.0.201708311556/tools/compiler/bin/../lib/gcc/arm-none-eabi/6.3.1/thumb/v7e-m/fpv4-sp/hard/crti.o
 .data          0x0000000000000000        0x4 /Applications/Ac6/SystemWorkbench.app/Contents/Eclipse/plugins/fr.ac6.mcu.externaltools.arm-none.macos64_1.15.0.201708311556/tools/compiler/bin/../lib/gcc/arm-none-eabi/6.3.1/thumb/v7e-m/fpv4-sp/hard/crtbegin.o
 .text          0x0000000000000000       0x74 /Applications/Ac6/SystemWorkbench.app/Contents/Eclipse/plugins/fr.ac6.mcu.externaltools.arm-none.macos64_1.15.0.201708311556/tools/compiler/bin/../lib/gcc/arm-none-eabi/6.3.1/../../../../arm-none-eabi/lib/thumb/v7e-m/fpv4-sp/hard/crt0.o
 .data          0x0000000000000000        0x0 /Applications/Ac6/SystemWorkbench.app/Contents/Eclipse/plugins/fr.ac6.mcu.externaltools.arm-none.macos64_1.15.0.201708311556/tools/compiler/bin/../lib/gcc/arm-none-eabi/6.3.1/../../../../arm-none-eabi/lib/thumb/v7e-m/fpv4-sp/hard/crt0.o
[...]
Memory Configuration

Name             Origin             Length             Attributes
RAM              0x0000000020000000 0x000000000000a000 xrw
CCMRAM           0x0000000010000000 0x0000000000002000 rw
FLASH            0x0000000008000000 0x0000000000040000 xr
*default*        0x0000000000000000 0xffffffffffffffff

Linker script and memory map

LOAD /Applications/Ac6/SystemWorkbench.app/Contents/Eclipse/plugins/fr.ac6.mcu.externaltools.arm-none.macos64_1.15.0.201708311556/tools/compiler/bin/../lib/gcc/arm-none-eabi/6.3.1/thumb/v7e-m/fpv4-sp/hard/crti.o
LOAD /Applications/Ac6/SystemWorkbench.app/Contents/Eclipse/plugins/fr.ac6.mcu.externaltools.arm-none.macos64_1.15.0.201708311556/tools/compiler/bin/../lib/gcc/arm-none-eabi/6.3.1/thumb/v7e-m/fpv4-sp/hard/crtbegin.o
LOAD /Applications/Ac6/SystemWorkbench.app/Contents/Eclipse/plugins/fr.ac6.mcu.externaltools.arm-none.macos64_1.15.0.201708311556/tools/compiler/bin/../lib/gcc/arm-none-eabi/6.3.1/../../../../arm-none-eabi/lib/thumb/v7e-m/fpv4-sp/hard/crt0.o
LOAD Drivers/STM32F3xx_HAL_Driver/Src/stm32f3xx_hal.o
LOAD Drivers/STM32F3xx_HAL_Driver/Src/stm32f3xx_hal_cortex.o
LOAD Drivers/STM32F3xx_HAL_Driver/Src/stm32f3xx_hal_dma.o
LOAD Drivers/STM32F3xx_HAL_Driver/Src/stm32f3xx_hal_flash.o
LOAD Drivers/STM32F3xx_HAL_Driver/Src/stm32f3xx_hal_flash_ex.o
LOAD Drivers/STM32F3xx_HAL_Driver/Src/stm32f3xx_hal_gpio.o
LOAD Drivers/STM32F3xx_HAL_Driver/Src/stm32f3xx_hal_i2c.o
LOAD Drivers/STM32F3xx_HAL_Driver/Src/stm32f3xx_hal_i2c_ex.o
LOAD Drivers/STM32F3xx_HAL_Driver/Src/stm32f3xx_hal_pcd.o
LOAD Drivers/STM32F3xx_HAL_Driver/Src/stm32f3xx_hal_pcd_ex.o
LOAD Drivers/STM32F3xx_HAL_Driver/Src/stm32f3xx_hal_pwr.o
LOAD Drivers/STM32F3xx_HAL_Driver/Src/stm32f3xx_hal_pwr_ex.o
LOAD Drivers/STM32F3xx_HAL_Driver/Src/stm32f3xx_hal_rcc.o
LOAD Drivers/STM32F3xx_HAL_Driver/Src/stm32f3xx_hal_rcc_ex.o
LOAD Drivers/STM32F3xx_HAL_Driver/Src/stm32f3xx_hal_spi.o
LOAD Drivers/STM32F3xx_HAL_Driver/Src/stm32f3xx_hal_spi_ex.o
LOAD Drivers/STM32F3xx_HAL_Driver/Src/stm32f3xx_hal_tim.o
LOAD Drivers/STM32F3xx_HAL_Driver/Src/stm32f3xx_hal_tim_ex.o
LOAD Src/gpio.o
LOAD Src/i2c.o
LOAD Src/main.o
LOAD Src/spi.o
LOAD Src/stm32f3xx_hal_msp.o
LOAD Src/stm32f3xx_it.o
LOAD Src/system_stm32f3xx.o
LOAD Src/usb.o
LOAD startup/startup_stm32f303xc.o
LOAD /Applications/Ac6/SystemWorkbench.app/Contents/Eclipse/plugins/fr.ac6.mcu.externaltools.arm-none.macos64_1.15.0.201708311556/tools/compiler/bin/../lib/gcc/arm-none-eabi/6.3.1/../../../../arm-none-eabi/lib/thumb/v7e-m/fpv4-sp/hard/libm.a
START GROUP
LOAD /Applications/Ac6/SystemWorkbench.app/Contents/Eclipse/plugins/fr.ac6.mcu.externaltools.arm-none.macos64_1.15.0.201708311556/tools/compiler/bin/../lib/gcc/arm-none-eabi/6.3.1/thumb/v7e-m/fpv4-sp/hard/libgcc.a
LOAD /Applications/Ac6/SystemWorkbench.app/Contents/Eclipse/plugins/fr.ac6.mcu.externaltools.arm-none.macos64_1.15.0.201708311556/tools/compiler/bin/../lib/gcc/arm-none-eabi/6.3.1/../../../../arm-none-eabi/lib/thumb/v7e-m/fpv4-sp/hard/libc_nano.a
END GROUP
START GROUP
LOAD /Applications/Ac6/SystemWorkbench.app/Contents/Eclipse/plugins/fr.ac6.mcu.externaltools.arm-none.macos64_1.15.0.201708311556/tools/compiler/bin/../lib/gcc/arm-none-eabi/6.3.1/thumb/v7e-m/fpv4-sp/hard/libgcc.a
LOAD /Applications/Ac6/SystemWorkbench.app/Contents/Eclipse/plugins/fr.ac6.mcu.externaltools.arm-none.macos64_1.15.0.201708311556/tools/compiler/bin/../lib/gcc/arm-none-eabi/6.3.1/../../../../arm-none-eabi/lib/thumb/v7e-m/fpv4-sp/hard/libc_nano.a
LOAD /Applications/Ac6/SystemWorkbench.app/Contents/Eclipse/plugins/fr.ac6.mcu.externaltools.arm-none.macos64_1.15.0.201708311556/tools/compiler/bin/../lib/gcc/arm-none-eabi/6.3.1/../../../../arm-none-eabi/lib/thumb/v7e-m/fpv4-sp/hard/libnosys.a
END GROUP
START GROUP
LOAD /Applications/Ac6/SystemWorkbench.app/Contents/Eclipse/plugins/fr.ac6.mcu.externaltools.arm-none.macos64_1.15.0.201708311556/tools/compiler/bin/../lib/gcc/arm-none-eabi/6.3.1/thumb/v7e-m/fpv4-sp/hard/libgcc.a
LOAD /Applications/Ac6/SystemWorkbench.app/Contents/Eclipse/plugins/fr.ac6.mcu.externaltools.arm-none.macos64_1.15.0.201708311556/tools/compiler/bin/../lib/gcc/arm-none-eabi/6.3.1/../../../../arm-none-eabi/lib/thumb/v7e-m/fpv4-sp/hard/libc_nano.a
LOAD /Applications/Ac6/SystemWorkbench.app/Contents/Eclipse/plugins/fr.ac6.mcu.externaltools.arm-none.macos64_1.15.0.201708311556/tools/compiler/bin/../lib/gcc/arm-none-eabi/6.3.1/../../../../arm-none-eabi/lib/thumb/v7e-m/fpv4-sp/hard/libnosys.a
END GROUP
LOAD /Applications/Ac6/SystemWorkbench.app/Contents/Eclipse/plugins/fr.ac6.mcu.externaltools.arm-none.macos64_1.15.0.201708311556/tools/compiler/bin/../lib/gcc/arm-none-eabi/6.3.1/thumb/v7e-m/fpv4-sp/hard/crtend.o
LOAD /Applications/Ac6/SystemWorkbench.app/Contents/Eclipse/plugins/fr.ac6.mcu.externaltools.arm-none.macos64_1.15.0.201708311556/tools/compiler/bin/../lib/gcc/arm-none-eabi/6.3.1/thumb/v7e-m/fpv4-sp/hard/crtn.o
                0x000000002000a000                _estack = 0x2000a000
                0x0000000000000200                _Min_Heap_Size = 0x200
                0x0000000000000400                _Min_Stack_Size = 0x400

.isr_vector     0x0000000008000000      0x188
                0x0000000008000000                . = ALIGN (0x4)
 *(.isr_vector)
 .isr_vector    0x0000000008000000      0x188 startup/startup_stm32f303xc.o
                0x0000000008000000                g_pfnVectors
                0x0000000008000188                . = ALIGN (0x4)

.text           0x0000000008000188     0x16c4
                0x0000000008000188                . = ALIGN (0x4)
 *(.text)
 .text          0x0000000008000188       0x6c /Applications/Ac6/SystemWorkbench.app/Contents/Eclipse/plugins/fr.ac6.mcu.externaltools.arm-none.macos64_1.15.0.201708311556/tools/compiler/bin/../lib/gcc/arm-none-eabi/6.3.1/thumb/v7e-m/fpv4-sp/hard/crtbegin.o
 *(.text*)
 .text.HAL_InitTick
                0x00000000080001f4       0x2c Drivers/STM32F3xx_HAL_Driver/Src/stm32f3xx_hal.o
                0x00000000080001f4                HAL_InitTick
 .text.HAL_Init
                0x0000000008000220       0x24 Drivers/STM32F3xx_HAL_Driver/Src/stm32f3xx_hal.o
                0x0000000008000220                HAL_Init
 .text.HAL_IncTick
                0x0000000008000244       0x10 Drivers/STM32F3xx_HAL_Driver/Src/stm32f3xx_hal.o
                0x0000000008000244                HAL_IncTick
 .text.HAL_GetTick
                0x0000000008000254        0xc Drivers/STM32F3xx_HAL_Driver/Src/stm32f3xx_hal.o
                0x0000000008000254                HAL_GetTick
 .text.HAL_Delay
                0x0000000008000260       0x24 Drivers/STM32F3xx_HAL_Driver/Src/stm32f3xx_hal.o
                0x0000000008000260                HAL_Delay
 .text.HAL_NVIC_SetPriorityGrouping
                0x0000000008000284       0x24 Drivers/STM32F3xx_HAL_Driver/Src/stm32f3xx_hal_cortex.o
                0x0000000008000284                HAL_NVIC_SetPriorityGrouping
 .text.HAL_NVIC_SetPriority
                0x00000000080002a8       0x64 Drivers/STM32F3xx_HAL_Driver/Src/stm32f3xx_hal_cortex.o
                0x00000000080002a8                HAL_NVIC_SetPriority
 .text.HAL_SYSTICK_Config
                0x000000000800030c       0x2c Drivers/STM32F3xx_HAL_Driver/Src/stm32f3xx_hal_cortex.o
                0x000000000800030c                HAL_SYSTICK_Config
 .text.HAL_SYSTICK_CLKSourceConfig
                0x0000000008000338       0x20 Drivers/STM32F3xx_HAL_Driver/Src/stm32f3xx_hal_cortex.o
                0x0000000008000338                HAL_SYSTICK_CLKSourceConfig
 .text.HAL_SYSTICK_Callback
                0x0000000008000358        0x2 Drivers/STM32F3xx_HAL_Driver/Src/stm32f3xx_hal_cortex.o
                0x0000000008000358                HAL_SYSTICK_Callback
 .text.HAL_SYSTICK_IRQHandler
                0x000000000800035a        0x8 Drivers/STM32F3xx_HAL_Driver/Src/stm32f3xx_hal_cortex.o
                0x000000000800035a                HAL_SYSTICK_IRQHandler
 *fill*         0x0000000008000362        0x2 
 .text.HAL_GPIO_Init
                0x0000000008000364      0x1a0 Drivers/STM32F3xx_HAL_Driver/Src/stm32f3xx_hal_gpio.o
                0x0000000008000364                HAL_GPIO_Init
 .text.HAL_GPIO_WritePin
                0x0000000008000504        0xa Drivers/STM32F3xx_HAL_Driver/Src/stm32f3xx_hal_gpio.o
                0x0000000008000504                HAL_GPIO_WritePin
 .text.HAL_GPIO_TogglePin
                0x000000000800050e        0x8 Drivers/STM32F3xx_HAL_Driver/Src/stm32f3xx_hal_gpio.o
                0x000000000800050e                HAL_GPIO_TogglePin
 .text.HAL_I2C_Init
                0x0000000008000516       0xbc Drivers/STM32F3xx_HAL_Driver/Src/stm32f3xx_hal_i2c.o
                0x0000000008000516                HAL_I2C_Init
 .text.HAL_I2CEx_ConfigAnalogFilter
                0x00000000080005d2       0x5c Drivers/STM32F3xx_HAL_Driver/Src/stm32f3xx_hal_i2c_ex.o
                0x00000000080005d2                HAL_I2CEx_ConfigAnalogFilter
 .text.HAL_I2CEx_ConfigDigitalFilter
                0x000000000800062e       0x58 Drivers/STM32F3xx_HAL_Driver/Src/stm32f3xx_hal_i2c_ex.o
                0x000000000800062e                HAL_I2CEx_ConfigDigitalFilter
 .text.HAL_PCD_Init
                0x0000000008000686       0xa8 Drivers/STM32F3xx_HAL_Driver/Src/stm32f3xx_hal_pcd.o
                0x0000000008000686                HAL_PCD_Init
 *fill*         0x000000000800072e        0x2 
 .text.HAL_RCC_OscConfig
                0x0000000008000730      0x60c Drivers/STM32F3xx_HAL_Driver/Src/stm32f3xx_hal_rcc.o
                0x0000000008000730                HAL_RCC_OscConfig
 .text.HAL_RCC_GetSysClockFreq
                0x0000000008000d3c       0x70 Drivers/STM32F3xx_HAL_Driver/Src/stm32f3xx_hal_rcc.o
                0x0000000008000d3c                HAL_RCC_GetSysClockFreq
 .text.HAL_RCC_ClockConfig
                0x0000000008000dac      0x1d4 Drivers/STM32F3xx_HAL_Driver/Src/stm32f3xx_hal_rcc.o
                0x0000000008000dac                HAL_RCC_ClockConfig
 .text.HAL_RCC_GetHCLKFreq
                0x0000000008000f80        0xc Drivers/STM32F3xx_HAL_Driver/Src/stm32f3xx_hal_rcc.o
                0x0000000008000f80                HAL_RCC_GetHCLKFreq
 .text.HAL_RCCEx_PeriphCLKConfig
                0x0000000008000f8c      0x268 Drivers/STM32F3xx_HAL_Driver/Src/stm32f3xx_hal_rcc_ex.o
                0x0000000008000f8c                HAL_RCCEx_PeriphCLKConfig
 .text.HAL_SPI_Init
                0x00000000080011f4       0xba Drivers/STM32F3xx_HAL_Driver/Src/stm32f3xx_hal_spi.o
                0x00000000080011f4                HAL_SPI_Init
 *fill*         0x00000000080012ae        0x2 
 .text.MX_GPIO_Init
                0x00000000080012b0       0xb8 Src/gpio.o
                0x00000000080012b0                MX_GPIO_Init
 .text.MX_I2C1_Init
                0x0000000008001368       0x68 Src/i2c.o
                0x0000000008001368                MX_I2C1_Init
 .text.HAL_I2C_MspInit
                0x00000000080013d0       0x54 Src/i2c.o
                0x00000000080013d0                HAL_I2C_MspInit
 .text._Error_Handler
                0x0000000008001424        0x2 Src/main.o
                0x0000000008001424                _Error_Handler
 *fill*         0x0000000008001426        0x2 
 .text.SystemClock_Config
                0x0000000008001428       0xb4 Src/main.o
                0x0000000008001428                SystemClock_Config
 .text.main     0x00000000080014dc       0xa4 Src/main.o
                0x00000000080014dc                main
 .text.MX_SPI1_Init
                0x0000000008001580       0x54 Src/spi.o
                0x0000000008001580                MX_SPI1_Init
 .text.HAL_SPI_MspInit
                0x00000000080015d4       0x4c Src/spi.o
                0x00000000080015d4                HAL_SPI_MspInit
 .text.HAL_MspInit
                0x0000000008001620       0x7c Src/stm32f3xx_hal_msp.o
                0x0000000008001620                HAL_MspInit
 .text.SysTick_Handler
                0x000000000800169c        0xc Src/stm32f3xx_it.o
                0x000000000800169c                SysTick_Handler
 .text.SystemInit
                0x00000000080016a8       0x68 Src/system_stm32f3xx.o
                0x00000000080016a8                SystemInit
 .text.MX_USB_PCD_Init
                0x0000000008001710       0x38 Src/usb.o
                0x0000000008001710                MX_USB_PCD_Init
 .text.HAL_PCD_MspInit
                0x0000000008001748       0x50 Src/usb.o
                0x0000000008001748                HAL_PCD_MspInit
 .text.Reset_Handler
                0x0000000008001798       0x50 startup/startup_stm32f303xc.o
                0x0000000008001798                Reset_Handler
 .text.Default_Handler
                0x00000000080017e8        0x2 startup/startup_stm32f303xc.o
                0x00000000080017e8                TIM1_BRK_TIM15_IRQHandler
                0x00000000080017e8                TIM8_TRG_COM_IRQHandler
                0x00000000080017e8                TIM8_CC_IRQHandler
                0x00000000080017e8                DebugMon_Handler
                0x00000000080017e8                TIM1_CC_IRQHandler
                0x00000000080017e8                HardFault_Handler
                0x00000000080017e8                USB_HP_IRQHandler
                0x00000000080017e8                PVD_IRQHandler
                0x00000000080017e8                TAMP_STAMP_IRQHandler
                0x00000000080017e8                PendSV_Handler
                0x00000000080017e8                NMI_Handler
                0x00000000080017e8                EXTI3_IRQHandler
                0x00000000080017e8                USB_HP_CAN_TX_IRQHandler
                0x00000000080017e8                EXTI0_IRQHandler
                0x00000000080017e8                I2C2_EV_IRQHandler
                0x00000000080017e8                FPU_IRQHandler
                0x00000000080017e8                TIM1_UP_TIM16_IRQHandler
                0x00000000080017e8                UsageFault_Handler
                0x00000000080017e8                ADC1_2_IRQHandler
                0x00000000080017e8                SPI1_IRQHandler
                0x00000000080017e8                CAN_SCE_IRQHandler
                0x00000000080017e8                TIM6_DAC_IRQHandler
                0x00000000080017e8                TIM8_UP_IRQHandler
                0x00000000080017e8                DMA2_Channel2_IRQHandler
                0x00000000080017e8                DMA1_Channel4_IRQHandler
                0x00000000080017e8                USART3_IRQHandler
                0x00000000080017e8                DMA1_Channel7_IRQHandler
                0x00000000080017e8                UART5_IRQHandler
                0x00000000080017e8                ADC3_IRQHandler
                0x00000000080017e8                TIM4_IRQHandler
                0x00000000080017e8                CAN_RX1_IRQHandler
                0x00000000080017e8                DMA2_Channel1_IRQHandler
                0x00000000080017e8                I2C1_EV_IRQHandler
                0x00000000080017e8                DMA1_Channel6_IRQHandler
                0x00000000080017e8                UART4_IRQHandler
                0x00000000080017e8                DMA2_Channel4_IRQHandler
                0x00000000080017e8                TIM3_IRQHandler
                0x00000000080017e8                RCC_IRQHandler
                0x00000000080017e8                DMA1_Channel1_IRQHandler
                0x00000000080017e8                Default_Handler
                0x00000000080017e8                USBWakeUp_RMP_IRQHandler
                0x00000000080017e8                EXTI15_10_IRQHandler
                0x00000000080017e8                TIM7_IRQHandler
                0x00000000080017e8                EXTI9_5_IRQHandler
                0x00000000080017e8                RTC_WKUP_IRQHandler
                0x00000000080017e8                SPI2_IRQHandler
                0x00000000080017e8                USB_LP_CAN_RX0_IRQHandler
                0x00000000080017e8                MemManage_Handler
                0x00000000080017e8                SVC_Handler
                0x00000000080017e8                DMA2_Channel5_IRQHandler
                0x00000000080017e8                DMA1_Channel5_IRQHandler
                0x00000000080017e8                USB_LP_IRQHandler
                0x00000000080017e8                EXTI4_IRQHandler
                0x00000000080017e8                TIM1_TRG_COM_TIM17_IRQHandler
                0x00000000080017e8                DMA1_Channel3_IRQHandler
                0x00000000080017e8                ADC4_IRQHandler
                0x00000000080017e8                WWDG_IRQHandler
                0x00000000080017e8                TIM2_IRQHandler
                0x00000000080017e8                COMP7_IRQHandler
                0x00000000080017e8                COMP1_2_3_IRQHandler
                0x00000000080017e8                EXTI1_IRQHandler
                0x00000000080017e8                USART2_IRQHandler
                0x00000000080017e8                COMP4_5_6_IRQHandler
                0x00000000080017e8                I2C2_ER_IRQHandler
                0x00000000080017e8                DMA1_Channel2_IRQHandler
                0x00000000080017e8                TIM8_BRK_IRQHandler
                0x00000000080017e8                FLASH_IRQHandler
                0x00000000080017e8                BusFault_Handler
                0x00000000080017e8                USART1_IRQHandler
                0x00000000080017e8                SPI3_IRQHandler
                0x00000000080017e8                I2C1_ER_IRQHandler
                0x00000000080017e8                USBWakeUp_IRQHandler
                0x00000000080017e8                DMA2_Channel3_IRQHandler
                0x00000000080017e8                EXTI2_TSC_IRQHandler
                0x00000000080017e8                RTC_Alarm_IRQHandler
 *fill*         0x00000000080017ea        0x2 
 .text.__libc_init_array
                0x00000000080017ec       0x48 /Applications/Ac6/SystemWorkbench.app/Contents/Eclipse/plugins/fr.ac6.mcu.externaltools.arm-none.macos64_1.15.0.201708311556/tools/compiler/bin/../lib/gcc/arm-none-eabi/6.3.1/../../../../arm-none-eabi/lib/thumb/v7e-m/fpv4-sp/hard/libc_nano.a(lib_a-init.o)
                0x00000000080017ec                __libc_init_array
 *(.glue_7)
 .glue_7        0x0000000008001834        0x0 linker stubs
 *(.glue_7t)
 .glue_7t       0x0000000008001834        0x0 linker stubs
 *(.eh_frame)
 .eh_frame      0x0000000008001834        0x0 /Applications/Ac6/SystemWorkbench.app/Contents/Eclipse/plugins/fr.ac6.mcu.externaltools.arm-none.macos64_1.15.0.201708311556/tools/compiler/bin/../lib/gcc/arm-none-eabi/6.3.1/thumb/v7e-m/fpv4-sp/hard/crtbegin.o
 *(.init)
 .init          0x0000000008001834        0x4 /Applications/Ac6/SystemWorkbench.app/Contents/Eclipse/plugins/fr.ac6.mcu.externaltools.arm-none.macos64_1.15.0.201708311556/tools/compiler/bin/../lib/gcc/arm-none-eabi/6.3.1/thumb/v7e-m/fpv4-sp/hard/crti.o
                0x0000000008001834                _init
 .init          0x0000000008001838        0x8 /Applications/Ac6/SystemWorkbench.app/Contents/Eclipse/plugins/fr.ac6.mcu.externaltools.arm-none.macos64_1.15.0.201708311556/tools/compiler/bin/../lib/gcc/arm-none-eabi/6.3.1/thumb/v7e-m/fpv4-sp/hard/crtn.o
 *(.fini)
 .fini          0x0000000008001840        0x4 /Applications/Ac6/SystemWorkbench.app/Contents/Eclipse/plugins/fr.ac6.mcu.externaltools.arm-none.macos64_1.15.0.201708311556/tools/compiler/bin/../lib/gcc/arm-none-eabi/6.3.1/thumb/v7e-m/fpv4-sp/hard/crti.o
                0x0000000008001840                _fini
 .fini          0x0000000008001844        0x8 /Applications/Ac6/SystemWorkbench.app/Contents/Eclipse/plugins/fr.ac6.mcu.externaltools.arm-none.macos64_1.15.0.201708311556/tools/compiler/bin/../lib/gcc/arm-none-eabi/6.3.1/thumb/v7e-m/fpv4-sp/hard/crtn.o
                0x000000000800184c                . = ALIGN (0x4)
                0x000000000800184c                _etext = .

.vfp11_veneer   0x000000000800184c        0x0
 .vfp11_veneer  0x000000000800184c        0x0 linker stubs

.v4_bx          0x000000000800184c        0x0
 .v4_bx         0x000000000800184c        0x0 linker stubs

.iplt           0x000000000800184c        0x0
 .iplt          0x000000000800184c        0x0 /Applications/Ac6/SystemWorkbench.app/Contents/Eclipse/plugins/fr.ac6.mcu.externaltools.arm-none.macos64_1.15.0.201708311556/tools/compiler/bin/../lib/gcc/arm-none-eabi/6.3.1/thumb/v7e-m/fpv4-sp/hard/crtbegin.o

.rodata         0x000000000800184c       0x78
                0x000000000800184c                . = ALIGN (0x4)
 *(.rodata)
 .rodata        0x000000000800184c       0x20 Drivers/STM32F3xx_HAL_Driver/Src/stm32f3xx_hal_rcc.o
                0x000000000800184c                aPLLMULFactorTable
                0x000000000800185c                aPredivFactorTable
 .rodata        0x000000000800186c       0x18 Src/system_stm32f3xx.o
                0x000000000800186c                AHBPrescTable
                0x000000000800187c                APBPrescTable
 *(.rodata*)
 .rodata.str1.4
                0x0000000008001884        0xd Src/i2c.o
 *fill*         0x0000000008001891        0x3 
 .rodata.str1.4
                0x0000000008001894        0xe Src/main.o
 *fill*         0x00000000080018a2        0x2 
 .rodata.str1.4
                0x00000000080018a4        0xd Src/spi.o
 *fill*         0x00000000080018b1        0x3 
 .rodata.str1.4
                0x00000000080018b4       0x10 Src/usb.o
                                          0xd (size before relaxing)
                0x00000000080018c4                . = ALIGN (0x4)

.rel.dyn        0x00000000080018c4        0x0
 .rel.iplt      0x00000000080018c4        0x0 /Applications/Ac6/SystemWorkbench.app/Contents/Eclipse/plugins/fr.ac6.mcu.externaltools.arm-none.macos64_1.15.0.201708311556/tools/compiler/bin/../lib/gcc/arm-none-eabi/6.3.1/thumb/v7e-m/fpv4-sp/hard/crtbegin.o

.ARM.extab
 *(.ARM.extab* .gnu.linkonce.armextab.*)

.ARM            0x00000000080018c4        0x0
                0x00000000080018c4                __exidx_start = .
 *(.ARM.exidx*)
                0x00000000080018c4                __exidx_end = .

.preinit_array  0x00000000080018c4        0x0
                0x00000000080018c4                PROVIDE (__preinit_array_start, .)
 *(.preinit_array*)
                0x00000000080018c4                PROVIDE (__preinit_array_end, .)

.init_array     0x00000000080018c4        0x4
                0x00000000080018c4                PROVIDE (__init_array_start, .)
 *(SORT(.init_array.*))
 *(.init_array*)
 .init_array    0x00000000080018c4        0x4 /Applications/Ac6/SystemWorkbench.app/Contents/Eclipse/plugins/fr.ac6.mcu.externaltools.arm-none.macos64_1.15.0.201708311556/tools/compiler/bin/../lib/gcc/arm-none-eabi/6.3.1/thumb/v7e-m/fpv4-sp/hard/crtbegin.o
                0x00000000080018c8                PROVIDE (__init_array_end, .)

.fini_array     0x00000000080018c8        0x4
                [!provide]                        PROVIDE (__fini_array_start, .)
 *(SORT(.fini_array.*))
 *(.fini_array*)
 .fini_array    0x00000000080018c8        0x4 /Applications/Ac6/SystemWorkbench.app/Contents/Eclipse/plugins/fr.ac6.mcu.externaltools.arm-none.macos64_1.15.0.201708311556/tools/compiler/bin/../lib/gcc/arm-none-eabi/6.3.1/thumb/v7e-m/fpv4-sp/hard/crtbegin.o
                [!provide]                        PROVIDE (__fini_array_end, .)
                0x00000000080018cc                _sidata = LOADADDR (.data)

.data           0x0000000020000000        0x4 load address 0x00000000080018cc
                0x0000000020000000                . = ALIGN (0x4)
                0x0000000020000000                _sdata = .
 *(.data)
 .data          0x0000000020000000        0x4 Src/system_stm32f3xx.o
                0x0000000020000000                SystemCoreClock
 *(.data*)
                0x0000000020000004                . = ALIGN (0x4)
                0x0000000020000004                _edata = .
                0x00000000080018d0                _siccmram = LOADADDR (.ccmram)

.jcr            0x0000000020000004        0x0 load address 0x00000000080018d0
 .jcr           0x0000000020000004        0x0 /Applications/Ac6/SystemWorkbench.app/Contents/Eclipse/plugins/fr.ac6.mcu.externaltools.arm-none.macos64_1.15.0.201708311556/tools/compiler/bin/../lib/gcc/arm-none-eabi/6.3.1/thumb/v7e-m/fpv4-sp/hard/crtbegin.o

.igot.plt       0x0000000020000004        0x0 load address 0x00000000080018d0
 .igot.plt      0x0000000020000004        0x0 /Applications/Ac6/SystemWorkbench.app/Contents/Eclipse/plugins/fr.ac6.mcu.externaltools.arm-none.macos64_1.15.0.201708311556/tools/compiler/bin/../lib/gcc/arm-none-eabi/6.3.1/thumb/v7e-m/fpv4-sp/hard/crtbegin.o

.ccmram         0x0000000010000000        0x0 load address 0x00000000080018d0
                0x0000000010000000                . = ALIGN (0x4)
                0x0000000010000000                _sccmram = .
 *(.ccmram)
 *(.ccmram*)
                0x0000000010000000                . = ALIGN (0x4)
                0x0000000010000000                _eccmram = .
                0x0000000010000000                . = ALIGN (0x4)

.bss            0x0000000020000004      0x478
                0x0000000020000004                _sbss = .
                0x0000000020000004                __bss_start__ = _sbss
 *(.bss)
 .bss           0x0000000020000004       0x1c /Applications/Ac6/SystemWorkbench.app/Contents/Eclipse/plugins/fr.ac6.mcu.externaltools.arm-none.macos64_1.15.0.201708311556/tools/compiler/bin/../lib/gcc/arm-none-eabi/6.3.1/thumb/v7e-m/fpv4-sp/hard/crtbegin.o
 *(.bss*)
 *(COMMON)
 COMMON         0x0000000020000020        0x4 Drivers/STM32F3xx_HAL_Driver/Src/stm32f3xx_hal.o
                0x0000000020000020                uwTick
 COMMON         0x0000000020000024       0x4c Src/i2c.o
                0x0000000020000024                hi2c1
 COMMON         0x0000000020000070       0x64 Src/spi.o
                0x0000000020000070                hspi1
 COMMON         0x00000000200000d4      0x3a8 Src/usb.o
                0x00000000200000d4                hpcd_USB_FS
                0x000000002000047c                . = ALIGN (0x4)
                0x000000002000047c                _ebss = .
                0x000000002000047c                __bss_end__ = _ebss

._user_heap_stack
                0x000000002000047c      0x604
                0x0000000020000480                . = ALIGN (0x8)
 *fill*         0x000000002000047c        0x4 
                [!provide]                        PROVIDE (end, .)
                [!provide]                        PROVIDE (_end, .)
                0x0000000020000680                . = (. + _Min_Heap_Size)
 *fill*         0x0000000020000480      0x200 
                0x0000000020000a80                . = (. + _Min_Stack_Size)
 *fill*         0x0000000020000680      0x400 
                0x0000000020000a80                . = ALIGN (0x8)

/DISCARD/
 libc.a(*)
 libm.a(*)
 libgcc.a(*)

.ARM.attributes
                0x0000000000000000       0x30
 *(.ARM.attributes)
 .ARM.attributes
                0x0000000000000000       0x22 /Applications/Ac6/SystemWorkbench.app/Contents/Eclipse/plugins/fr.ac6.mcu.externaltools.arm-none.macos64_1.15.0.201708311556/tools/compiler/bin/../lib/gcc/arm-none-eabi/6.3.1/thumb/v7e-m/fpv4-sp/hard/crti.o
 .ARM.attributes
                0x0000000000000022       0x34 /Applications/Ac6/SystemWorkbench.app/Contents/Eclipse/plugins/fr.ac6.mcu.externaltools.arm-none.macos64_1.15.0.201708311556/tools/compiler/bin/../lib/gcc/arm-none-eabi/6.3.1/thumb/v7e-m/fpv4-sp/hard/crtbegin.o
 .ARM.attributes
                0x0000000000000056       0x39 Drivers/STM32F3xx_HAL_Driver/Src/stm32f3xx_hal.o
 .ARM.attributes
                0x000000000000008f       0x39 Drivers/STM32F3xx_HAL_Driver/Src/stm32f3xx_hal_cortex.o
 .ARM.attributes
                0x00000000000000c8       0x39 Drivers/STM32F3xx_HAL_Driver/Src/stm32f3xx_hal_gpio.o
 .ARM.attributes
                0x0000000000000101       0x39 Drivers/STM32F3xx_HAL_Driver/Src/stm32f3xx_hal_i2c.o
 .ARM.attributes
                0x000000000000013a       0x39 Drivers/STM32F3xx_HAL_Driver/Src/stm32f3xx_hal_i2c_ex.o
 .ARM.attributes
                0x0000000000000173       0x39 Drivers/STM32F3xx_HAL_Driver/Src/stm32f3xx_hal_pcd.o
 .ARM.attributes
                0x00000000000001ac       0x39 Drivers/STM32F3xx_HAL_Driver/Src/stm32f3xx_hal_rcc.o
 .ARM.attributes
                0x00000000000001e5       0x39 Drivers/STM32F3xx_HAL_Driver/Src/stm32f3xx_hal_rcc_ex.o
 .ARM.attributes
                0x000000000000021e       0x39 Drivers/STM32F3xx_HAL_Driver/Src/stm32f3xx_hal_spi.o
 .ARM.attributes
                0x0000000000000257       0x39 Src/gpio.o
 .ARM.attributes
                0x0000000000000290       0x39 Src/i2c.o
 .ARM.attributes
                0x00000000000002c9       0x39 Src/main.o
 .ARM.attributes
                0x0000000000000302       0x39 Src/spi.o
 .ARM.attributes
                0x000000000000033b       0x39 Src/stm32f3xx_hal_msp.o
 .ARM.attributes
                0x0000000000000374       0x39 Src/stm32f3xx_it.o
 .ARM.attributes
                0x00000000000003ad       0x39 Src/system_stm32f3xx.o
 .ARM.attributes
                0x00000000000003e6       0x39 Src/usb.o
 .ARM.attributes
                0x000000000000041f       0x21 startup/startup_stm32f303xc.o
 .ARM.attributes
                0x0000000000000440       0x34 /Applications/Ac6/SystemWorkbench.app/Contents/Eclipse/plugins/fr.ac6.mcu.externaltools.arm-none.macos64_1.15.0.201708311556/tools/compiler/bin/../lib/gcc/arm-none-eabi/6.3.1/../../../../arm-none-eabi/lib/thumb/v7e-m/fpv4-sp/hard/libc_nano.a(lib_a-init.o)
 .ARM.attributes
                0x0000000000000474       0x22 /Applications/Ac6/SystemWorkbench.app/Contents/Eclipse/plugins/fr.ac6.mcu.externaltools.arm-none.macos64_1.15.0.201708311556/tools/compiler/bin/../lib/gcc/arm-none-eabi/6.3.1/thumb/v7e-m/fpv4-sp/hard/crtn.o
OUTPUT(LED_Test.elf elf32-littlearm)

.debug_info     0x0000000000000000    0x169b9
 .debug_info    0x0000000000000000      0xfc8 Drivers/STM32F3xx_HAL_Driver/Src/stm32f3xx_hal.o
 .debug_info    0x0000000000000fc8     0x16c4 Drivers/STM32F3xx_HAL_Driver/Src/stm32f3xx_hal_cortex.o
 .debug_info    0x000000000000268c      0xef1 Drivers/STM32F3xx_HAL_Driver/Src/stm32f3xx_hal_gpio.o
 .debug_info    0x000000000000357d     0x39ad Drivers/STM32F3xx_HAL_Driver/Src/stm32f3xx_hal_i2c.o
 .debug_info    0x0000000000006f2a     0x10b4 Drivers/STM32F3xx_HAL_Driver/Src/stm32f3xx_hal_i2c_ex.o
 .debug_info    0x0000000000007fde     0x19e8 Drivers/STM32F3xx_HAL_Driver/Src/stm32f3xx_hal_pcd.o
 .debug_info    0x00000000000099c6     0x1bb3 Drivers/STM32F3xx_HAL_Driver/Src/stm32f3xx_hal_rcc.o
 .debug_info    0x000000000000b579      0xf84 Drivers/STM32F3xx_HAL_Driver/Src/stm32f3xx_hal_rcc_ex.o
 .debug_info    0x000000000000c4fd     0x25a5 Drivers/STM32F3xx_HAL_Driver/Src/stm32f3xx_hal_spi.o
 .debug_info    0x000000000000eaa2      0xc65 Src/gpio.o
 .debug_info    0x000000000000f707     0x11c0 Src/i2c.o
 .debug_info    0x00000000000108c7     0x1c85 Src/main.o
 .debug_info    0x000000000001254c     0x1100 Src/spi.o
 .debug_info    0x000000000001364c      0xd00 Src/stm32f3xx_hal_msp.o
 .debug_info    0x000000000001434c      0x983 Src/stm32f3xx_it.o
 .debug_info    0x0000000000014ccf      0xc34 Src/system_stm32f3xx.o
 .debug_info    0x0000000000015903     0x1048 Src/usb.o
 .debug_info    0x000000000001694b       0x6e startup/startup_stm32f303xc.o

.debug_abbrev   0x0000000000000000     0x2cf3
 .debug_abbrev  0x0000000000000000      0x2d6 Drivers/STM32F3xx_HAL_Driver/Src/stm32f3xx_hal.o
 .debug_abbrev  0x00000000000002d6      0x3b8 Drivers/STM32F3xx_HAL_Driver/Src/stm32f3xx_hal_cortex.o
 .debug_abbrev  0x000000000000068e      0x2a5 Drivers/STM32F3xx_HAL_Driver/Src/stm32f3xx_hal_gpio.o
 .debug_abbrev  0x0000000000000933      0x2dd Drivers/STM32F3xx_HAL_Driver/Src/stm32f3xx_hal_i2c.o
 .debug_abbrev  0x0000000000000c10      0x255 Drivers/STM32F3xx_HAL_Driver/Src/stm32f3xx_hal_i2c_ex.o
 .debug_abbrev  0x0000000000000e65      0x36d Drivers/STM32F3xx_HAL_Driver/Src/stm32f3xx_hal_pcd.o
 .debug_abbrev  0x00000000000011d2      0x343 Drivers/STM32F3xx_HAL_Driver/Src/stm32f3xx_hal_rcc.o
 .debug_abbrev  0x0000000000001515      0x334 Drivers/STM32F3xx_HAL_Driver/Src/stm32f3xx_hal_rcc_ex.o
 .debug_abbrev  0x0000000000001849      0x2df Drivers/STM32F3xx_HAL_Driver/Src/stm32f3xx_hal_spi.o
 .debug_abbrev  0x0000000000001b28      0x229 Src/gpio.o
 .debug_abbrev  0x0000000000001d51      0x256 Src/i2c.o
 .debug_abbrev  0x0000000000001fa7      0x27b Src/main.o
 .debug_abbrev  0x0000000000002222      0x256 Src/spi.o
 .debug_abbrev  0x0000000000002478      0x232 Src/stm32f3xx_hal_msp.o
 .debug_abbrev  0x00000000000026aa      0x1cf Src/stm32f3xx_it.o
 .debug_abbrev  0x0000000000002879      0x205 Src/system_stm32f3xx.o
 .debug_abbrev  0x0000000000002a7e      0x263 Src/usb.o
 .debug_abbrev  0x0000000000002ce1       0x12 startup/startup_stm32f303xc.o

.debug_loc      0x0000000000000000     0x8497
 .debug_loc     0x0000000000000000       0x69 Drivers/STM32F3xx_HAL_Driver/Src/stm32f3xx_hal.o
 .debug_loc     0x0000000000000069      0x5ce Drivers/STM32F3xx_HAL_Driver/Src/stm32f3xx_hal_cortex.o
 .debug_loc     0x0000000000000637      0x331 Drivers/STM32F3xx_HAL_Driver/Src/stm32f3xx_hal_gpio.o
 .debug_loc     0x0000000000000968     0x3aed Drivers/STM32F3xx_HAL_Driver/Src/stm32f3xx_hal_i2c.o
 .debug_loc     0x0000000000004455      0x21c Drivers/STM32F3xx_HAL_Driver/Src/stm32f3xx_hal_i2c_ex.o
 .debug_loc     0x0000000000004671      0xf9f Drivers/STM32F3xx_HAL_Driver/Src/stm32f3xx_hal_pcd.o
 .debug_loc     0x0000000000005610      0x908 Drivers/STM32F3xx_HAL_Driver/Src/stm32f3xx_hal_rcc.o
 .debug_loc     0x0000000000005f18      0x811 Drivers/STM32F3xx_HAL_Driver/Src/stm32f3xx_hal_rcc_ex.o
 .debug_loc     0x0000000000006729     0x1b5e Drivers/STM32F3xx_HAL_Driver/Src/stm32f3xx_hal_spi.o
 .debug_loc     0x0000000000008287       0x5b Src/i2c.o
 .debug_loc     0x00000000000082e2       0x5b Src/spi.o
 .debug_loc     0x000000000000833d       0xff Src/system_stm32f3xx.o
 .debug_loc     0x000000000000843c       0x5b Src/usb.o

.debug_aranges  0x0000000000000000      0x998
 .debug_aranges
                0x0000000000000000       0xc8 Drivers/STM32F3xx_HAL_Driver/Src/stm32f3xx_hal.o
 .debug_aranges
                0x00000000000000c8       0xa8 Drivers/STM32F3xx_HAL_Driver/Src/stm32f3xx_hal_cortex.o
 .debug_aranges
                0x0000000000000170       0x58 Drivers/STM32F3xx_HAL_Driver/Src/stm32f3xx_hal_gpio.o
 .debug_aranges
                0x00000000000001c8      0x260 Drivers/STM32F3xx_HAL_Driver/Src/stm32f3xx_hal_i2c.o
 .debug_aranges
                0x0000000000000428       0x48 Drivers/STM32F3xx_HAL_Driver/Src/stm32f3xx_hal_i2c_ex.o
 .debug_aranges
                0x0000000000000470      0x120 Drivers/STM32F3xx_HAL_Driver/Src/stm32f3xx_hal_pcd.o
 .debug_aranges
                0x0000000000000590       0x88 Drivers/STM32F3xx_HAL_Driver/Src/stm32f3xx_hal_rcc.o
 .debug_aranges
                0x0000000000000618       0x38 Drivers/STM32F3xx_HAL_Driver/Src/stm32f3xx_hal_rcc_ex.o
 .debug_aranges
                0x0000000000000650      0x1d8 Drivers/STM32F3xx_HAL_Driver/Src/stm32f3xx_hal_spi.o
 .debug_aranges
                0x0000000000000828       0x20 Src/gpio.o
 .debug_aranges
                0x0000000000000848       0x30 Src/i2c.o
 .debug_aranges
                0x0000000000000878       0x30 Src/main.o
 .debug_aranges
                0x00000000000008a8       0x30 Src/spi.o
 .debug_aranges
                0x00000000000008d8       0x20 Src/stm32f3xx_hal_msp.o
 .debug_aranges
                0x00000000000008f8       0x20 Src/stm32f3xx_it.o
 .debug_aranges
                0x0000000000000918       0x28 Src/system_stm32f3xx.o
 .debug_aranges
                0x0000000000000940       0x30 Src/usb.o
 .debug_aranges
                0x0000000000000970       0x28 startup/startup_stm32f303xc.o

.debug_ranges   0x0000000000000000      0x9a8
 .debug_ranges  0x0000000000000000       0xb8 Drivers/STM32F3xx_HAL_Driver/Src/stm32f3xx_hal.o
 .debug_ranges  0x00000000000000b8       0xf8 Drivers/STM32F3xx_HAL_Driver/Src/stm32f3xx_hal_cortex.o
 .debug_ranges  0x00000000000001b0       0x48 Drivers/STM32F3xx_HAL_Driver/Src/stm32f3xx_hal_gpio.o
 .debug_ranges  0x00000000000001f8      0x250 Drivers/STM32F3xx_HAL_Driver/Src/stm32f3xx_hal_i2c.o
 .debug_ranges  0x0000000000000448       0x38 Drivers/STM32F3xx_HAL_Driver/Src/stm32f3xx_hal_i2c_ex.o
 .debug_ranges  0x0000000000000480      0x1a0 Drivers/STM32F3xx_HAL_Driver/Src/stm32f3xx_hal_pcd.o
 .debug_ranges  0x0000000000000620       0x98 Drivers/STM32F3xx_HAL_Driver/Src/stm32f3xx_hal_rcc.o
 .debug_ranges  0x00000000000006b8       0x40 Drivers/STM32F3xx_HAL_Driver/Src/stm32f3xx_hal_rcc_ex.o
 .debug_ranges  0x00000000000006f8      0x1c8 Drivers/STM32F3xx_HAL_Driver/Src/stm32f3xx_hal_spi.o
 .debug_ranges  0x00000000000008c0       0x10 Src/gpio.o
 .debug_ranges  0x00000000000008d0       0x20 Src/i2c.o
 .debug_ranges  0x00000000000008f0       0x20 Src/main.o
 .debug_ranges  0x0000000000000910       0x20 Src/spi.o
 .debug_ranges  0x0000000000000930       0x10 Src/stm32f3xx_hal_msp.o
 .debug_ranges  0x0000000000000940       0x10 Src/stm32f3xx_it.o
 .debug_ranges  0x0000000000000950       0x18 Src/system_stm32f3xx.o
 .debug_ranges  0x0000000000000968       0x20 Src/usb.o
 .debug_ranges  0x0000000000000988       0x20 startup/startup_stm32f303xc.o

.debug_macro    0x0000000000000000    0x1b1de
 .debug_macro   0x0000000000000000      0x33f Drivers/STM32F3xx_HAL_Driver/Src/stm32f3xx_hal.o
 .debug_macro   0x000000000000033f      0x8bc Drivers/STM32F3xx_HAL_Driver/Src/stm32f3xx_hal.o
 .debug_macro   0x0000000000000bfb      0x16c Drivers/STM32F3xx_HAL_Driver/Src/stm32f3xx_hal.o
 .debug_macro   0x0000000000000d67       0xa5 Drivers/STM32F3xx_HAL_Driver/Src/stm32f3xx_hal.o
 .debug_macro   0x0000000000000e0c       0x2f Drivers/STM32F3xx_HAL_Driver/Src/stm32f3xx_hal.o
 .debug_macro   0x0000000000000e3b       0x28 Drivers/STM32F3xx_HAL_Driver/Src/stm32f3xx_hal.o
 .debug_macro   0x0000000000000e63       0x22 Drivers/STM32F3xx_HAL_Driver/Src/stm32f3xx_hal.o
 .debug_macro   0x0000000000000e85       0x87 Drivers/STM32F3xx_HAL_Driver/Src/stm32f3xx_hal.o
 .debug_macro   0x0000000000000f0c       0x51 Drivers/STM32F3xx_HAL_Driver/Src/stm32f3xx_hal.o
 .debug_macro   0x0000000000000f5d       0xef Drivers/STM32F3xx_HAL_Driver/Src/stm32f3xx_hal.o
 .debug_macro   0x000000000000104c       0x6a Drivers/STM32F3xx_HAL_Driver/Src/stm32f3xx_hal.o
 .debug_macro   0x00000000000010b6      0x1df Drivers/STM32F3xx_HAL_Driver/Src/stm32f3xx_hal.o
 .debug_macro   0x0000000000001295       0x35 Drivers/STM32F3xx_HAL_Driver/Src/stm32f3xx_hal.o
 .debug_macro   0x00000000000012ca       0x50 Drivers/STM32F3xx_HAL_Driver/Src/stm32f3xx_hal.o
 .debug_macro   0x000000000000131a      0xe66 Drivers/STM32F3xx_HAL_Driver/Src/stm32f3xx_hal.o
 .debug_macro   0x0000000000002180    0x12a56 Drivers/STM32F3xx_HAL_Driver/Src/stm32f3xx_hal.o
 .debug_macro   0x0000000000014bd6       0x43 Drivers/STM32F3xx_HAL_Driver/Src/stm32f3xx_hal.o
 .debug_macro   0x0000000000014c19       0x58 Drivers/STM32F3xx_HAL_Driver/Src/stm32f3xx_hal.o
 .debug_macro   0x0000000000014c71       0x35 Drivers/STM32F3xx_HAL_Driver/Src/stm32f3xx_hal.o
 .debug_macro   0x0000000000014ca6       0x9c Drivers/STM32F3xx_HAL_Driver/Src/stm32f3xx_hal.o
 .debug_macro   0x0000000000014d42       0x16 Drivers/STM32F3xx_HAL_Driver/Src/stm32f3xx_hal.o
 .debug_macro   0x0000000000014d58       0x97 Drivers/STM32F3xx_HAL_Driver/Src/stm32f3xx_hal.o
 .debug_macro   0x0000000000014def      0x330 Drivers/STM32F3xx_HAL_Driver/Src/stm32f3xx_hal.o
 .debug_macro   0x000000000001511f       0xfd Drivers/STM32F3xx_HAL_Driver/Src/stm32f3xx_hal.o
 .debug_macro   0x000000000001521c       0x10 Drivers/STM32F3xx_HAL_Driver/Src/stm32f3xx_hal.o
 .debug_macro   0x000000000001522c       0x58 Drivers/STM32F3xx_HAL_Driver/Src/stm32f3xx_hal.o
 .debug_macro   0x0000000000015284       0x1f Drivers/STM32F3xx_HAL_Driver/Src/stm32f3xx_hal.o
 .debug_macro   0x00000000000152a3       0x43 Drivers/STM32F3xx_HAL_Driver/Src/stm32f3xx_hal.o
 .debug_macro   0x00000000000152e6       0x20 Drivers/STM32F3xx_HAL_Driver/Src/stm32f3xx_hal.o
 .debug_macro   0x0000000000015306      0x187 Drivers/STM32F3xx_HAL_Driver/Src/stm32f3xx_hal.o
 .debug_macro   0x000000000001548d       0x10 Drivers/STM32F3xx_HAL_Driver/Src/stm32f3xx_hal.o
 .debug_macro   0x000000000001549d       0x1c Drivers/STM32F3xx_HAL_Driver/Src/stm32f3xx_hal.o
 .debug_macro   0x00000000000154b9       0x52 Drivers/STM32F3xx_HAL_Driver/Src/stm32f3xx_hal.o
 .debug_macro   0x000000000001550b       0x40 Drivers/STM32F3xx_HAL_Driver/Src/stm32f3xx_hal.o
 .debug_macro   0x000000000001554b       0x10 Drivers/STM32F3xx_HAL_Driver/Src/stm32f3xx_hal.o
 .debug_macro   0x000000000001555b       0x40 Drivers/STM32F3xx_HAL_Driver/Src/stm32f3xx_hal.o
 .debug_macro   0x000000000001559b       0xd7 Drivers/STM32F3xx_HAL_Driver/Src/stm32f3xx_hal.o
 .debug_macro   0x0000000000015672       0x16 Drivers/STM32F3xx_HAL_Driver/Src/stm32f3xx_hal.o
 .debug_macro   0x0000000000015688      0x18b Drivers/STM32F3xx_HAL_Driver/Src/stm32f3xx_hal.o
 .debug_macro   0x0000000000015813       0x49 Drivers/STM32F3xx_HAL_Driver/Src/stm32f3xx_hal.o
 .debug_macro   0x000000000001585c      0x968 Drivers/STM32F3xx_HAL_Driver/Src/stm32f3xx_hal.o
 .debug_macro   0x00000000000161c4      0x5fe Drivers/STM32F3xx_HAL_Driver/Src/stm32f3xx_hal.o
 .debug_macro   0x00000000000167c2      0x13a Drivers/STM32F3xx_HAL_Driver/Src/stm32f3xx_hal.o
 .debug_macro   0x00000000000168fc      0x1fb Drivers/STM32F3xx_HAL_Driver/Src/stm32f3xx_hal.o
 .debug_macro   0x0000000000016af7      0x1bc Drivers/STM32F3xx_HAL_Driver/Src/stm32f3xx_hal.o
 .debug_macro   0x0000000000016cb3       0x31 Drivers/STM32F3xx_HAL_Driver/Src/stm32f3xx_hal.o
 .debug_macro   0x0000000000016ce4       0x3c Drivers/STM32F3xx_HAL_Driver/Src/stm32f3xx_hal.o
 .debug_macro   0x0000000000016d20      0x23a Drivers/STM32F3xx_HAL_Driver/Src/stm32f3xx_hal.o
 .debug_macro   0x0000000000016f5a       0xcb Drivers/STM32F3xx_HAL_Driver/Src/stm32f3xx_hal.o
 .debug_macro   0x0000000000017025      0x22b Drivers/STM32F3xx_HAL_Driver/Src/stm32f3xx_hal.o
 .debug_macro   0x0000000000017250      0x202 Drivers/STM32F3xx_HAL_Driver/Src/stm32f3xx_hal.o
 .debug_macro   0x0000000000017452       0x5b Drivers/STM32F3xx_HAL_Driver/Src/stm32f3xx_hal.o
 .debug_macro   0x00000000000174ad       0x90 Drivers/STM32F3xx_HAL_Driver/Src/stm32f3xx_hal.o
 .debug_macro   0x000000000001753d       0x28 Drivers/STM32F3xx_HAL_Driver/Src/stm32f3xx_hal.o
 .debug_macro   0x0000000000017565      0x265 Drivers/STM32F3xx_HAL_Driver/Src/stm32f3xx_hal.o
 .debug_macro   0x00000000000177ca       0x82 Drivers/STM32F3xx_HAL_Driver/Src/stm32f3xx_hal.o
 .debug_macro   0x000000000001784c       0xd3 Drivers/STM32F3xx_HAL_Driver/Src/stm32f3xx_hal.o
 .debug_macro   0x000000000001791f      0x2e9 Drivers/STM32F3xx_HAL_Driver/Src/stm32f3xx_hal.o
 .debug_macro   0x0000000000017c08      0x26e Drivers/STM32F3xx_HAL_Driver/Src/stm32f3xx_hal.o
 .debug_macro   0x0000000000017e76      0x31b Drivers/STM32F3xx_HAL_Driver/Src/stm32f3xx_hal_cortex.o
 .debug_macro   0x0000000000018191      0x353 Drivers/STM32F3xx_HAL_Driver/Src/stm32f3xx_hal_gpio.o
 .debug_macro   0x00000000000184e4      0x3e7 Drivers/STM32F3xx_HAL_Driver/Src/stm32f3xx_hal_i2c.o
 .debug_macro   0x00000000000188cb      0x31b Drivers/STM32F3xx_HAL_Driver/Src/stm32f3xx_hal_i2c_ex.o
 .debug_macro   0x0000000000018be6      0x321 Drivers/STM32F3xx_HAL_Driver/Src/stm32f3xx_hal_pcd.o
 .debug_macro   0x0000000000018f07      0x33f Drivers/STM32F3xx_HAL_Driver/Src/stm32f3xx_hal_rcc.o
 .debug_macro   0x0000000000019246      0x31b Drivers/STM32F3xx_HAL_Driver/Src/stm32f3xx_hal_rcc_ex.o
 .debug_macro   0x0000000000019561      0x323 Drivers/STM32F3xx_HAL_Driver/Src/stm32f3xx_hal_spi.o
 .debug_macro   0x0000000000019884      0x325 Src/gpio.o
 .debug_macro   0x0000000000019ba9      0x32f Src/i2c.o
 .debug_macro   0x0000000000019ed8      0x347 Src/main.o
 .debug_macro   0x000000000001a21f      0x32f Src/spi.o
 .debug_macro   0x000000000001a54e      0x31b Src/stm32f3xx_hal_msp.o
 .debug_macro   0x000000000001a869      0x325 Src/stm32f3xx_it.o
 .debug_macro   0x000000000001ab8e      0x321 Src/system_stm32f3xx.o
 .debug_macro   0x000000000001aeaf      0x32f Src/usb.o

.debug_line     0x0000000000000000     0xb845
 .debug_line    0x0000000000000000      0x974 Drivers/STM32F3xx_HAL_Driver/Src/stm32f3xx_hal.o
 .debug_line    0x0000000000000974      0x9e7 Drivers/STM32F3xx_HAL_Driver/Src/stm32f3xx_hal_cortex.o
 .debug_line    0x000000000000135b      0x946 Drivers/STM32F3xx_HAL_Driver/Src/stm32f3xx_hal_gpio.o
 .debug_line    0x0000000000001ca1     0x196e Drivers/STM32F3xx_HAL_Driver/Src/stm32f3xx_hal_i2c.o
 .debug_line    0x000000000000360f      0x943 Drivers/STM32F3xx_HAL_Driver/Src/stm32f3xx_hal_i2c_ex.o
 .debug_line    0x0000000000003f52      0xd90 Drivers/STM32F3xx_HAL_Driver/Src/stm32f3xx_hal_pcd.o
 .debug_line    0x0000000000004ce2      0xc9f Drivers/STM32F3xx_HAL_Driver/Src/stm32f3xx_hal_rcc.o
 .debug_line    0x0000000000005981      0xa7d Drivers/STM32F3xx_HAL_Driver/Src/stm32f3xx_hal_rcc_ex.o
 .debug_line    0x00000000000063fe     0x130e Drivers/STM32F3xx_HAL_Driver/Src/stm32f3xx_hal_spi.o
 .debug_line    0x000000000000770c      0x7ed Src/gpio.o
 .debug_line    0x0000000000007ef9      0x823 Src/i2c.o
 .debug_line    0x000000000000871c      0x88c Src/main.o
 .debug_line    0x0000000000008fa8      0x822 Src/spi.o
 .debug_line    0x00000000000097ca      0x7e6 Src/stm32f3xx_hal_msp.o
 .debug_line    0x0000000000009fb0      0x7eb Src/stm32f3xx_it.o
 .debug_line    0x000000000000a79b      0x810 Src/system_stm32f3xx.o
 .debug_line    0x000000000000afab      0x81b Src/usb.o
 .debug_line    0x000000000000b7c6       0x7f startup/startup_stm32f303xc.o

.debug_str      0x0000000000000000    0x90a30
 .debug_str     0x0000000000000000    0x8dbab Drivers/STM32F3xx_HAL_Driver/Src/stm32f3xx_hal.o
                                      0x8df0f (size before relaxing)
 .debug_str     0x000000000008dbab      0x3f0 Drivers/STM32F3xx_HAL_Driver/Src/stm32f3xx_hal_cortex.o
                                      0x8e004 (size before relaxing)
 .debug_str     0x000000000008df9b      0x2b9 Drivers/STM32F3xx_HAL_Driver/Src/stm32f3xx_hal_gpio.o
                                      0x8d9dc (size before relaxing)
 .debug_str     0x000000000008e254     0x11b1 Drivers/STM32F3xx_HAL_Driver/Src/stm32f3xx_hal_i2c.o
                                      0x8e902 (size before relaxing)
 .debug_str     0x000000000008f405       0xf3 Drivers/STM32F3xx_HAL_Driver/Src/stm32f3xx_hal_i2c_ex.o
                                      0x8dca7 (size before relaxing)
 .debug_str     0x000000000008f4f8      0x60c Drivers/STM32F3xx_HAL_Driver/Src/stm32f3xx_hal_pcd.o
                                      0x8dd4e (size before relaxing)
 .debug_str     0x000000000008fb04      0x402 Drivers/STM32F3xx_HAL_Driver/Src/stm32f3xx_hal_rcc.o
                                      0x8dbe6 (size before relaxing)
 .debug_str     0x000000000008ff06      0x22f Drivers/STM32F3xx_HAL_Driver/Src/stm32f3xx_hal_rcc_ex.o
                                      0x8d9f0 (size before relaxing)
 .debug_str     0x0000000000090135      0x738 Drivers/STM32F3xx_HAL_Driver/Src/stm32f3xx_hal_spi.o
                                      0x8e04d (size before relaxing)
 .debug_str     0x000000000009086d       0x35 Src/gpio.o
                                      0x8d79c (size before relaxing)
 .debug_str     0x00000000000908a2       0x42 Src/i2c.o
                                      0x8dcb4 (size before relaxing)
 .debug_str     0x00000000000908e4       0x67 Src/main.o
                                      0x8e7a8 (size before relaxing)
 .debug_str     0x000000000009094b       0x17 Src/spi.o
                                      0x8dbc3 (size before relaxing)
 .debug_str     0x0000000000090962       0x1b Src/stm32f3xx_hal_msp.o
                                      0x8db45 (size before relaxing)
 .debug_str     0x000000000009097d       0x38 Src/stm32f3xx_it.o
                                      0x8d6bb (size before relaxing)
 .debug_str     0x00000000000909b5       0x64 Src/system_stm32f3xx.o
                                      0x8d77f (size before relaxing)
 .debug_str     0x0000000000090a19       0x17 Src/usb.o
                                      0x8dac2 (size before relaxing)

.comment        0x0000000000000000       0x7f
 .comment       0x0000000000000000       0x7f Drivers/STM32F3xx_HAL_Driver/Src/stm32f3xx_hal.o
                                         0x80 (size before relaxing)
 .comment       0x000000000000007f       0x80 Drivers/STM32F3xx_HAL_Driver/Src/stm32f3xx_hal_cortex.o
 .comment       0x000000000000007f       0x80 Drivers/STM32F3xx_HAL_Driver/Src/stm32f3xx_hal_gpio.o
 .comment       0x000000000000007f       0x80 Drivers/STM32F3xx_HAL_Driver/Src/stm32f3xx_hal_i2c.o
 .comment       0x000000000000007f       0x80 Drivers/STM32F3xx_HAL_Driver/Src/stm32f3xx_hal_i2c_ex.o
 .comment       0x000000000000007f       0x80 Drivers/STM32F3xx_HAL_Driver/Src/stm32f3xx_hal_pcd.o
 .comment       0x000000000000007f       0x80 Drivers/STM32F3xx_HAL_Driver/Src/stm32f3xx_hal_rcc.o
 .comment       0x000000000000007f       0x80 Drivers/STM32F3xx_HAL_Driver/Src/stm32f3xx_hal_rcc_ex.o
 .comment       0x000000000000007f       0x80 Drivers/STM32F3xx_HAL_Driver/Src/stm32f3xx_hal_spi.o
 .comment       0x000000000000007f       0x80 Src/gpio.o
 .comment       0x000000000000007f       0x80 Src/i2c.o
 .comment       0x000000000000007f       0x80 Src/main.o
 .comment       0x000000000000007f       0x80 Src/spi.o
 .comment       0x000000000000007f       0x80 Src/stm32f3xx_hal_msp.o
 .comment       0x000000000000007f       0x80 Src/stm32f3xx_it.o
 .comment       0x000000000000007f       0x80 Src/system_stm32f3xx.o
 .comment       0x000000000000007f       0x80 Src/usb.o

.debug_frame    0x0000000000000000     0x1908
 .debug_frame   0x0000000000000000      0x198 Drivers/STM32F3xx_HAL_Driver/Src/stm32f3xx_hal.o
 .debug_frame   0x0000000000000198      0x15c Drivers/STM32F3xx_HAL_Driver/Src/stm32f3xx_hal_cortex.o
 .debug_frame   0x00000000000002f4       0xd0 Drivers/STM32F3xx_HAL_Driver/Src/stm32f3xx_hal_gpio.o
 .debug_frame   0x00000000000003c4      0x81c Drivers/STM32F3xx_HAL_Driver/Src/stm32f3xx_hal_i2c.o
 .debug_frame   0x0000000000000be0       0x80 Drivers/STM32F3xx_HAL_Driver/Src/stm32f3xx_hal_i2c_ex.o
 .debug_frame   0x0000000000000c60      0x2d8 Drivers/STM32F3xx_HAL_Driver/Src/stm32f3xx_hal_pcd.o
 .debug_frame   0x0000000000000f38      0x14c Drivers/STM32F3xx_HAL_Driver/Src/stm32f3xx_hal_rcc.o
 .debug_frame   0x0000000000001084       0x7c Drivers/STM32F3xx_HAL_Driver/Src/stm32f3xx_hal_rcc_ex.o
 .debug_frame   0x0000000000001100      0x5b8 Drivers/STM32F3xx_HAL_Driver/Src/stm32f3xx_hal_spi.o
 .debug_frame   0x00000000000016b8       0x34 Src/gpio.o
 .debug_frame   0x00000000000016ec       0x5c Src/i2c.o
 .debug_frame   0x0000000000001748       0x58 Src/main.o
 .debug_frame   0x00000000000017a0       0x5c Src/spi.o
 .debug_frame   0x00000000000017fc       0x2c Src/stm32f3xx_hal_msp.o
 .debug_frame   0x0000000000001828       0x28 Src/stm32f3xx_it.o
 .debug_frame   0x0000000000001850       0x30 Src/system_stm32f3xx.o
 .debug_frame   0x0000000000001880       0x5c Src/usb.o
 .debug_frame   0x00000000000018dc       0x2c /Applications/Ac6/SystemWorkbench.app/Contents/Eclipse/plugins/fr.ac6.mcu.externaltools.arm-none.macos64_1.15.0.201708311556/tools/compiler/bin/../lib/gcc/arm-none-eabi/6.3.1/../../../../arm-none-eabi/lib/thumb/v7e-m/fpv4-sp/hard/libc_nano.a(lib_a-init.o)
